This email is a preview. Links are removed.

Your Khulnasoft code monitor, My test monitor, detected 1 new result.

- Test match:  from testorg/testrepo@0000000
This is a test
for a code monitoring result.

View search on Khulnasoft: 

__
You are receiving this notification because you are a recipient on a code monitor.

View code monitor: 

Search results may contain confidential data. To protect your privacy and security,
Khulnasoft limits what information is contained in this notification.
