Your Khulnasoft code monitor, My test monitor, detected 1 new result.

View search on Khulnasoft: https://khulnasoft.com/search

__
You are receiving this notification because you are a recipient on a code monitor.

View code monitor: https://khulnasoft.com/your/code/monitor

Search results may contain confidential data. To protect your privacy and security,
Khulnasoft limits what information is contained in this notification.
