<!DOCTYPE html>
<html>
  <body>

    <h1 style="font-size: 18px; line-height: 24px">
      Your Khulnasoft code monitor, <b>My test monitor</b>, detected <b>2</b> new results.
    </h1>

    <p style="font-size: 16px; line-height: 24px">
      <a href="https://khulnasoft.com/search" >
        View search on Khulnasoft
      </a>
    </p>
    __
    <p style="font-size: 14px; line-height: 24px">
      You are receiving this notification because you are a recipient on a code monitor.
    </p>
    <p style="font-size: 14px; line-height: 24px">
      <a href="https://khulnasoft.com/your/code/monitor" >
        View code monitor
      </a>
    </p>
    <p style="font-size: 12px; line-height: 24px; margin-bottom: 24px">
      Search results may contain confidential data. To protect your privacy and
      security, Khulnasoft limits what information is contained in this
      notification.
    </p>
    <img src="https://khulnasoft.com/sourcegraph-logo-small.png" width="106" height="20" alt="Khulnasoft logo" />
  </body>
</html>
