<!DOCTYPE html>
<html>
  <body>

    <h1 style="font-size: 18px; line-height: 24px">
      Your Khulnasoft code monitor, <b>My test monitor</b>, detected <b>1</b> new result.
    </h1>

    <ul style="list-style-type: none; padding-left: 0;">
      <li>
        Message match: <a href="https://www.khulnasoft.com/github.com/test/test/-/commit/7815187511872asbasdfgasd?utm_source=code-monitoring-email" >github.com/test/test@7815187</a>
        <pre style="background-color: #e6ebf2; padding: 8px; border-radius: 4px;">summary line

very
long
message
body
with
more
than
ten
...
</pre>
      </li>
    </ul>

    <p style="font-size: 16px; line-height: 24px">
      <a href="https://khulnasoft.com/search" >
        View search on Khulnasoft
      </a>
    </p>
    __
    <p style="font-size: 14px; line-height: 24px">
      You are receiving this notification because you are a recipient on a code monitor.
    </p>
    <p style="font-size: 14px; line-height: 24px">
      <a href="https://khulnasoft.com/your/code/monitor" >
        View code monitor
      </a>
    </p>
    <p style="font-size: 12px; line-height: 24px; margin-bottom: 24px">
      Search results may contain confidential data. To protect your privacy and
      security, Khulnasoft limits what information is contained in this
      notification.
    </p>
    <img src="https://khulnasoft.com/sourcegraph-logo-small.png" width="106" height="20" alt="Khulnasoft logo" />
  </body>
</html>
